Microchip MPLAB XC8 Compiler V1.36 ()

Linker command line:

--edf=C:\Program Files (x86)\Microchip\xc8\v1.36\dat\en_msgs.txt -cs \
  -h+Cassa_Audio.sym --cmf=Cassa_Audio.cmf -z -Q18F2420 \
  -oC:\Users\Hamza\AppData\Local\Temp\s5ds.2 -MCassa_Audio.map -E1 -ver=XC8 \
  --acfsm=1493 -ASTACK=080h-02eeh -pstack=STACK -ACODE=00h-03CFFh \
  -ACONST=00h-03CFFh -ASMALLCONST=0300h-03FFhx58 -AMEDIUMCONST=0300h-03CFFh \
  -ACOMRAM=01h-07Fh -AABS1=00h-02EEh -ABIGRAM=01h-02EEh \
  -ARAM=080h-0FFh,0100h-01FFh,0200h-02EEh -ABANK0=080h-0FFh \
  -ABANK1=0100h-01FFh -ABANK2=0200h-02EEh \
  -ASFR=0F80h-0F9Bh,0F9Dh-0FD3h,0FD5h-0FDAh,0FE0h-0FE2h,0FE8h-0FEAh,0FF0h-0FFBh \
  -preset_vec=00h,intcode,intcodelo,powerup,init,end_init -pramtop=0300h \
  -psmallconst=SMALLCONST -pmediumconst=MEDIUMCONST -pconst=CONST \
  -AFARRAM=00h-00h -ACONFIG=0300000h-030000Dh -pconfig=CONFIG \
  -AIDLOC=0200000h-0200007h -pidloc=IDLOC -AEEDATA=0F00000h-0F000FFh \
  -peeprom_data=EEDATA \
  -prdata=COMRAM,nvrram=COMRAM,nvbit=COMRAM,rbss=COMRAM,rbit=COMRAM \
  -pfarbss=FARRAM,fardata=FARRAM,nvFARRAM=FARRAM \
  -pintsave_regs=BIGRAM,bigbss=BIGRAM,bigdata=BIGRAM -pbss=RAM \
  -pidata=CODE,irdata=CODE,ibigdata=CODE,ifardata=CODE -prparam=COMRAM \
  C:\Users\Hamza\AppData\Local\Temp\s5ds.obj Cassa_Audio.obj 

Object code version is 3.11

Machine type is 18F2420

Call graph: (short form)




                Name                               Link     Load   Length Selector   Space Scale
C:\Users\Hamza\AppData\Local\Temp\s5ds.obj
                end_init                              2        2        4        0       0
                reset_vec                             0        0        2        0       0
                config                           300000   300000        8   300000       0
Cassa_Audio.obj text12                             3ACA     3ACA       76     1D65       0
                text11                             38C0     38C0       10     1C60       0
                text10                             392E     392E       28     1C97       0
                text9                              3956     3956       4A     1CAB       0
                text8                              3B40     3B40       7E     1DA0       0
                text7                              38F8     38F8       1A     1C7C       0
                text6                              39EC     39EC       6E     1CF6       0
                text5                              39A0     39A0       4C     1CD0       0
                text4                              3C58     3C58       A8     1E2C       0
                text3                              3BBE     3BBE       9A     1DDF       0
                text2                              3912     3912       1C     1C89       0
                text1                              3A5A     3A5A       70     1D2D       0
                text0                              38D0     38D0       12     1C68       0
                cstackCOMRAM                          1        1       14        1       1
                bssCOMRAM                            15       15        5        1       1
                bitbssCOMRAM                         D0       1A        2        1       1     8
                cinit                              38E2     38E2       16     1C71       0

TOTAL           Name                               Link     Load   Length     Space
        CLASS   STACK          

        CLASS   CODE           
                end_init                              2        2        4         0
                reset_vec                             0        0        2         0
                text12                             3ACA     3ACA       76         0
                text11                             38C0     38C0       10         0
                text10                             392E     392E       28         0
                text9                              3956     3956       4A         0
                text8                              3B40     3B40       7E         0
                text7                              38F8     38F8       1A         0
                text6                              39EC     39EC       6E         0
                text5                              39A0     39A0       4C         0
                text4                              3C58     3C58       A8         0
                text3                              3BBE     3BBE       9A         0
                text2                              3912     3912       1C         0
                text1                              3A5A     3A5A       70         0
                text0                              38D0     38D0       12         0
                cinit                              38E2     38E2       16         0

        CLASS   CONST          

        CLASS   SMALLCONST     

        CLASS   MEDIUMCONST    

        CLASS   COMRAM         
                cstackCOMRAM                          1        1       14         1
                bssCOMRAM                            15       15        5         1
                bitbssCOMRAM                         D0       1A        2         1

        CLASS   ABS1           

        CLASS   BIGRAM         

        CLASS   RAM            

        CLASS   BANK0          

        CLASS   BANK1          

        CLASS   BANK2          

        CLASS   SFR            

        CLASS   FARRAM         

        CLASS   CONFIG         
                config                           300000   300000        8         0

        CLASS   IDLOC          

        CLASS   EEDATA         



SEGMENTS        Name                           Load    Length   Top    Selector   Space  Class

                reset_vec                      000000  000006  000006         0       0  CODE    
                cstackCOMRAM                   000001  00001A  00001B         1       1  COMRAM  
                text11                         0038C0  000010  0038D0      1C60       0  CODE    
                text0                          0038D0  000012  0038E2      1C68       0  CODE    
                cinit                          0038E2  000016  0038F8      1C71       0  CODE    
                text7                          0038F8  00001A  003912      1C7C       0  CODE    
                text2                          003912  00001C  00392E      1C89       0  CODE    
                text10                         00392E  000028  003956      1C97       0  CODE    
                text9                          003956  00004A  0039A0      1CAB       0  CODE    
                text5                          0039A0  00004C  0039EC      1CD0       0  CODE    
                text6                          0039EC  00006E  003A5A      1CF6       0  CODE    
                text1                          003A5A  000070  003ACA      1D2D       0  CODE    
                text12                         003ACA  000076  003B40      1D65       0  CODE    
                text8                          003B40  00007E  003BBE      1DA0       0  CODE    
                text3                          003BBE  00009A  003C58      1DDF       0  CODE    
                text4                          003C58  0000A8  003D00      1E2C       0  CODE    
                config                         300000  000008  300008    300000       0  CONFIG  


UNUSED ADDRESS RANGES

        Name                Unused          Largest block    Delta
        BANK0            000080-0000FF               80
        BANK1            000100-0001FF              100
        BANK2            000200-0002EE               EF
        BIGRAM           00001B-0002EE              2D4
        CODE             000006-0038BF             38BA
        COMRAM           00001B-00007F               65
        CONFIG           300008-30000D                6
        CONST            000006-0038BF             38BA
        EEDATA           F00000-F000FF              100
        IDLOC            200000-200007                8
        MEDIUMCONST      000300-0038BF             35C0
        RAM              000080-0002EE              100
        SFR              000F80-000F9B               1C
                         000F9D-000FD3               37
                         000FD5-000FDA                6
                         000FE0-000FE2                3
                         000FE8-000FEA                3
                         000FF0-000FFB                C
        SMALLCONST       000300-0038BF              100
        STACK            000080-0002EE              26F

                                  Symbol Table

?___lmul                   cstackCOMRAM 000001
PL10                       text1        003AC4
PL2                        text3        003C48
PL4                        text3        003C52
PL6                        text12       003B3A
PL8                        text8        003BB6
TEA_cmd@command            cstackCOMRAM 000004
TEA_cmd@stat               cstackCOMRAM 000003
TEA_readData@read1         cstackCOMRAM 000003
TEA_readData@read2         cstackCOMRAM 000004
TEA_setFreq@freq           cstackCOMRAM 00000D
TEA_setFreq@rawFreq        cstackCOMRAM 000010
WriteI2C@data_out          cstackCOMRAM 000002
_ADCON1                    (abs)        000FC1
_IdleI2C                   text11       0038C0
_LATB                      (abs)        000F8A
_OSCCON                    (abs)        000FD3
_OpenI2C_StSpeed           text2        003912
_RB0                       (abs)        007C08
_RB1                       (abs)        007C09
_RB2                       (abs)        007C0A
_RB3                       (abs)        007C0B
_RBPU                      (abs)        007F8F
_ReadI2C                   text7        0038F8
_SSPADD                    (abs)        000FC8
_SSPBUF                    (abs)        000FC9
_SSPCON1                   (abs)        000FC6
_SSPCON1bits               (abs)        000FC6
_SSPCON2                   (abs)        000FC5
_SSPCON2bits               (abs)        000FC5
_SSPSTAT                   (abs)        000FC7
_SSPSTATbits               (abs)        000FC7
_TEA_cmd                   text8        003B40
_TEA_readData              text6        0039EC
_TEA_setFreq               text4        003C58
_TEA_writeData             text9        003956
_TRISB                     (abs)        000F93
_TRISCbits                 (abs)        000F94
_WriteI2C                  text10       00392E
__CFG_BOREN$OFF            (abs)        000000
__CFG_DEBUG$ON             (abs)        000000
__CFG_LVP$OFF              (abs)        000000
__CFG_MCLRE$ON             (abs)        000000
__CFG_OSC$INTIO7           (abs)        000000
__CFG_PBADEN$OFF           (abs)        000000
__CFG_PWRT$ON              (abs)        000000
__CFG_WDT$OFF              (abs)        000000
__HRAM                     (abs)        000000
__Habs1                    abs1         000000
__Hbank0                   bank0        000000
__Hbank1                   bank1        000000
__Hbank2                   bank2        000000
__Hbigbss                  bigbss       000000
__Hbigdata                 bigdata      000000
__Hbigram                  bigram       000000
__HbitbssCOMRAM            bitbssCOMRAM 000000
__Hbss                     bss          000000
__HbssCOMRAM               bssCOMRAM    000000
__Hcinit                   cinit        000000
__Hclrtext                 clrtext      000000
__Hcomram                  comram       000000
__Hconfig                  config       300008
__Hconst                   const        000000
__HcstackCOMRAM            cstackCOMRAM 000000
__Hdata                    data         000000
__Heeprom_data             eeprom_data  000000
__Hend_init                end_init     000006
__Hfarbss                  farbss       000000
__Hfardata                 fardata      000000
__Hibigdata                ibigdata     000000
__Hidata                   idata        000000
__Hidloc                   idloc        000000
__Hifardata                ifardata     000000
__Hinit                    init         000002
__Hintcode                 intcode      000002
__Hintcode_body            intcode_body 000000
__Hintcodelo               intcodelo    000002
__Hintentry                intentry     000000
__Hintret                  intret       000000
__Hintsave_regs            intsave_regs 000000
__Hirdata                  irdata       000000
__Hmediumconst             mediumconst  000000
__HnvFARRAM                nvFARRAM     000000
__Hnvbit                   nvbit        000000
__Hnvrram                  nvrram       000000
__Hpa_nodes                pa_nodes     000000
__Hparam                   rparam       000000
__Hpowerup                 powerup      000002
__Hram                     ram          000000
__Hramtop                  ramtop       000300
__Hrbit                    rbit         000000
__Hrbss                    rbss         000000
__Hrdata                   rdata        000000
__Hreset_vec               reset_vec    000002
__Hrparam                  rparam       000000
__Hsfr                     sfr          000000
__Hsmallconst              smallconst   000000
__Hspace_0                 (abs)        300008
__Hspace_1                 (abs)        0000D2
__Hspace_2                 (abs)        000000
__Hstack                   stack        000000
__Hstruct                  struct       000000
__Htemp                    temp         000000
__Htext                    text         000000
__Htext0                   text0        000000
__Htext1                   text1        000000
__Htext10                  text10       000000
__Htext11                  text11       000000
__Htext12                  text12       000000
__Htext2                   text2        000000
__Htext3                   text3        000000
__Htext4                   text4        000000
__Htext5                   text5        000000
__Htext6                   text6        000000
__Htext7                   text7        000000
__Htext8                   text8        000000
__Htext9                   text9        000000
__LRAM                     (abs)        000001
__Labs1                    abs1         000000
__Lbank0                   bank0        000000
__Lbank1                   bank1        000000
__Lbank2                   bank2        000000
__Lbigbss                  bigbss       000000
__Lbigdata                 bigdata      000000
__Lbigram                  bigram       000000
__LbitbssCOMRAM            bitbssCOMRAM 000000
__Lbss                     bss          000000
__LbssCOMRAM               bssCOMRAM    000000
__Lcinit                   cinit        000000
__Lclrtext                 clrtext      000000
__Lcomram                  comram       000000
__Lconfig                  config       300000
__Lconst                   const        000000
__LcstackCOMRAM            cstackCOMRAM 000000
__Ldata                    data         000000
__Leeprom_data             eeprom_data  000000
__Lend_init                end_init     000002
__Lfarbss                  farbss       000000
__Lfardata                 fardata      000000
__Libigdata                ibigdata     000000
__Lidata                   idata        000000
__Lidloc                   idloc        000000
__Lifardata                ifardata     000000
__Linit                    init         000002
__Lintcode                 intcode      000002
__Lintcode_body            intcode_body 000000
__Lintcodelo               intcodelo    000002
__Lintentry                intentry     000000
__Lintret                  intret       000000
__Lintsave_regs            intsave_regs 000000
__Lirdata                  irdata       000000
__Lmediumconst             mediumconst  000000
__LnvFARRAM                nvFARRAM     000000
__Lnvbit                   nvbit        000000
__Lnvrram                  nvrram       000000
__Lpa_nodes                pa_nodes     000000
__Lparam                   rparam       000000
__Lpowerup                 powerup      000002
__Lram                     ram          000000
__Lramtop                  ramtop       000300
__Lrbit                    rbit         000000
__Lrbss                    rbss         000000
__Lrdata                   rdata        000000
__Lreset_vec               reset_vec    000000
__Lrparam                  rparam       000000
__Lsfr                     sfr          000000
__Lsmallconst              smallconst   000000
__Lspace_0                 (abs)        000000
__Lspace_1                 (abs)        000000
__Lspace_2                 (abs)        000000
__Lstack                   stack        000000
__Lstruct                  struct       000000
__Ltemp                    temp         000000
__Ltext                    text         000000
__Ltext0                   text0        000000
__Ltext1                   text1        000000
__Ltext10                  text10       000000
__Ltext11                  text11       000000
__Ltext12                  text12       000000
__Ltext2                   text2        000000
__Ltext3                   text3        000000
__Ltext4                   text4        000000
__Ltext5                   text5        000000
__Ltext6                   text6        000000
__Ltext7                   text7        000000
__Ltext8                   text8        000000
__Ltext9                   text9        000000
__S0                       (abs)        300008
__S1                       (abs)        00001B
__S2                       (abs)        000000
___inthi_sp                stack        000000
___intlo_sp                stack        000000
___lmul                    text5        0039A0
___lmul@multiplicand       cstackCOMRAM 000005
___lmul@multiplier         cstackCOMRAM 000001
___lmul@product            cstackCOMRAM 000009
___param_bank              (abs)        000010
___rparam_used             (abs)        000001
___sp                      stack        000000
__accesstop                (abs)        000080
__activetblptr             (abs)        000002
__end_ofPL10               text1        003ACA
__end_ofPL2                text3        003C52
__end_ofPL4                text3        003C58
__end_ofPL6                text12       003B40
__end_ofPL8                text8        003BBE
__end_of_IdleI2C           text11       0038D0
__end_of_OpenI2C_StSpeed   text2        00392E
__end_of_ReadI2C           text7        003912
__end_of_TEA_cmd           text8        003BB6
__end_of_TEA_readData      text6        003A5A
__end_of_TEA_setFreq       text4        003D00
__end_of_TEA_writeData     text9        0039A0
__end_of_WriteI2C          text10       003956
__end_of___lmul            text5        0039EC
__end_of__initialization   cinit        0038EE
__end_of_detectButton      text12       003B3A
__end_of_functionsRoutine  text3        003C48
__end_of_main              text0        0038E2
__end_of_setup             text1        003AC4
__initialization           cinit        0038E2
__mediumconst              mediumconst  000000
__pbitbssCOMRAM            bitbssCOMRAM 0000D0
__pbssCOMRAM               bssCOMRAM    000015
__pcinit                   cinit        0038E2
__pcstackCOMRAM            cstackCOMRAM 000001
__ptext0                   text0        0038D0
__ptext1                   text1        003A5A
__ptext10                  text10       00392E
__ptext11                  text11       0038C0
__ptext12                  text12       003ACA
__ptext2                   text2        003912
__ptext3                   text3        003BBE
__ptext4                   text4        003C58
__ptext5                   text5        0039A0
__ptext6                   text6        0039EC
__ptext7                   text7        0038F8
__ptext8                   text8        003B40
__ptext9                   text9        003956
__ramtop                   ramtop       000300
__size_of_IdleI2C          (abs)        000000
__size_of_OpenI2C_StSpeed  (abs)        000000
__size_of_ReadI2C          (abs)        000000
__size_of_TEA_cmd          (abs)        000000
__size_of_TEA_readData     (abs)        000000
__size_of_TEA_setFreq      (abs)        000000
__size_of_TEA_writeData    (abs)        000000
__size_of_WriteI2C         (abs)        000000
__size_of___lmul           (abs)        000000
__size_of_detectButton     (abs)        000000
__size_of_functionsRoutine (abs)        000000
__size_of_main             (abs)        000000
__size_of_setup            (abs)        000000
__smallconst               smallconst   000000
_byte1                     bssCOMRAM    000015
_byte2                     bssCOMRAM    000016
_byte3                     bssCOMRAM    000017
_byte4                     bssCOMRAM    000018
_detectButton              text12       003ACA
_function                  bssCOMRAM    000019
_functionsRoutine          text3        003BBE
_main                      text0        0038D0
_setup                     text1        003A5A
_smode                     bitbssCOMRAM 0000D0
_status                    bitbssCOMRAM 0000D1
detectButton@q             cstackCOMRAM 000002
end_of_initialization      cinit        0038EE
intlevel0                  text         000000
intlevel1                  text         000000
intlevel2                  text         000000
intlevel3                  text         000000
stackhi                    (abs)        0002EE
stacklo                    (abs)        000080
start                      init         000002
start_initialization       cinit        0038E2


FUNCTION INFORMATION:

 *************** function _main *****************
 Defined at:
		line 30 in file "C:\Users\Hamza\Desktop\Cassa_Audio\progetto.c"
 Parameters:    Size  Location     Type
		None
 Auto vars:     Size  Location     Type
		None
 Return value:  Size  Location     Type
                  1    wreg      void 
 Registers used:
		wreg, status,2, status,0, cstack
 Tracked objects:
		On entry : 
		On exit  : 
		Unchanged: 
 Data sizes:     COMRAM   BANK0   BANK1   BANK2
      Params:         0       0       0       0
      Locals:         0       0       0       0
      Temps:          0       0       0       0
      Totals:         0       0       0       0
Total ram usage:        0 bytes
 Hardware stack levels required when called:    5
 This function calls:
		_detectButton
		_functionsRoutine
		_setup
 This function is called by:
		Startup code after reset
 This function uses a non-reentrant model


 *************** function _setup *****************
 Defined at:
		line 42 in file "C:\Users\Hamza\Desktop\Cassa_Audio\progetto.c"
 Parameters:    Size  Location     Type
		None
 Auto vars:     Size  Location     Type
		None
 Return value:  Size  Location     Type
                  1    wreg      void 
 Registers used:
		wreg, status,2, status,0, cstack
 Tracked objects:
		On entry : 
		On exit  : 
		Unchanged: 
 Data sizes:     COMRAM   BANK0   BANK1   BANK2
      Params:         0       0       0       0
      Locals:         0       0       0       0
      Temps:          0       0       0       0
      Totals:         0       0       0       0
Total ram usage:        0 bytes
 Hardware stack levels used:    1
 Hardware stack levels required when called:    4
 This function calls:
		_OpenI2C_StSpeed
		_TEA_cmd
		_TEA_setFreq
 This function is called by:
		_main
 This function uses a non-reentrant model


 *************** function _OpenI2C_StSpeed *****************
 Defined at:
		line 108 in file "C:\Users\Hamza\Desktop\Cassa_Audio\i2c.c"
 Parameters:    Size  Location     Type
		None
 Auto vars:     Size  Location     Type
		None
 Return value:  Size  Location     Type
                  1    wreg      void 
 Registers used:
		wreg, status,2, status,0
 Tracked objects:
		On entry : 
		On exit  : 
		Unchanged: 
 Data sizes:     COMRAM   BANK0   BANK1   BANK2
      Params:         0       0       0       0
      Locals:         0       0       0       0
      Temps:          0       0       0       0
      Totals:         0       0       0       0
Total ram usage:        0 bytes
 Hardware stack levels used:    1
 This function calls:
		Nothing
 This function is called by:
		_setup
 This function uses a non-reentrant model


 *************** function _functionsRoutine *****************
 Defined at:
		line 68 in file "C:\Users\Hamza\Desktop\Cassa_Audio\progetto.c"
 Parameters:    Size  Location     Type
		None
 Auto vars:     Size  Location     Type
		None
 Return value:  Size  Location     Type
                  1    wreg      void 
 Registers used:
		wreg, status,2, status,0, cstack
 Tracked objects:
		On entry : 
		On exit  : 
		Unchanged: 
 Data sizes:     COMRAM   BANK0   BANK1   BANK2
      Params:         0       0       0       0
      Locals:         0       0       0       0
      Temps:          1       0       0       0
      Totals:         1       0       0       0
Total ram usage:        1 bytes
 Hardware stack levels used:    1
 Hardware stack levels required when called:    4
 This function calls:
		_TEA_cmd
		_TEA_setFreq
 This function is called by:
		_main
 This function uses a non-reentrant model


 *************** function _TEA_setFreq *****************
 Defined at:
		line 64 in file "C:\Users\Hamza\Desktop\Cassa_Audio\TEA5767.c"
 Parameters:    Size  Location     Type
  freq            2   12[COMRAM] int 
 Auto vars:     Size  Location     Type
  rawFreq         4   15[COMRAM] unsigned long 
 Return value:  Size  Location     Type
                  1    wreg      void 
 Registers used:
		wreg, status,2, status,0, cstack
 Tracked objects:
		On entry : 
		On exit  : 
		Unchanged: 
 Data sizes:     COMRAM   BANK0   BANK1   BANK2
      Params:         2       0       0       0
      Locals:         4       0       0       0
      Temps:          1       0       0       0
      Totals:         7       0       0       0
Total ram usage:        7 bytes
 Hardware stack levels used:    1
 Hardware stack levels required when called:    3
 This function calls:
		_TEA_readData
		_TEA_writeData
		___lmul
 This function is called by:
		_setup
		_functionsRoutine
 This function uses a non-reentrant model


 *************** function ___lmul *****************
 Defined at:
		line 15 in file "C:\Program Files (x86)\Microchip\xc8\v1.36\sources\common\Umul32.c"
 Parameters:    Size  Location     Type
  multiplier      4    0[COMRAM] unsigned long 
  multiplicand    4    4[COMRAM] unsigned long 
 Auto vars:     Size  Location     Type
  product         4    8[COMRAM] unsigned long 
 Return value:  Size  Location     Type
                  4    0[COMRAM] unsigned long 
 Registers used:
		wreg, status,2, status,0
 Tracked objects:
		On entry : 
		On exit  : 
		Unchanged: 
 Data sizes:     COMRAM   BANK0   BANK1   BANK2
      Params:         8       0       0       0
      Locals:         4       0       0       0
      Temps:          0       0       0       0
      Totals:        12       0       0       0
Total ram usage:       12 bytes
 Hardware stack levels used:    1
 This function calls:
		Nothing
 This function is called by:
		_TEA_setFreq
 This function uses a non-reentrant model


 *************** function _TEA_readData *****************
 Defined at:
		line 105 in file "C:\Users\Hamza\Desktop\Cassa_Audio\TEA5767.c"
 Parameters:    Size  Location     Type
		None
 Auto vars:     Size  Location     Type
  read2           1    3[COMRAM] unsigned char 
  read1           1    2[COMRAM] unsigned char 
  read5           1    0        unsigned char 
  read4           1    0        unsigned char 
  read3           1    0        unsigned char 
 Return value:  Size  Location     Type
                  1    wreg      void 
 Registers used:
		wreg, status,2, status,0, cstack
 Tracked objects:
		On entry : 
		On exit  : 
		Unchanged: 
 Data sizes:     COMRAM   BANK0   BANK1   BANK2
      Params:         0       0       0       0
      Locals:         2       0       0       0
      Temps:          0       0       0       0
      Totals:         2       0       0       0
Total ram usage:        2 bytes
 Hardware stack levels used:    1
 Hardware stack levels required when called:    2
 This function calls:
		_IdleI2C
		_ReadI2C
		_WriteI2C
 This function is called by:
		_TEA_setFreq
 This function uses a non-reentrant model


 *************** function _ReadI2C *****************
 Defined at:
		line 142 in file "C:\Users\Hamza\Desktop\Cassa_Audio\i2c.c"
 Parameters:    Size  Location     Type
		None
 Auto vars:     Size  Location     Type
		None
 Return value:  Size  Location     Type
                  1    wreg      unsigned char 
 Registers used:
		wreg, status,2, status,0
 Tracked objects:
		On entry : 
		On exit  : 
		Unchanged: 
 Data sizes:     COMRAM   BANK0   BANK1   BANK2
      Params:         0       0       0       0
      Locals:         0       0       0       0
      Temps:          0       0       0       0
      Totals:         0       0       0       0
Total ram usage:        0 bytes
 Hardware stack levels used:    1
 This function calls:
		Nothing
 This function is called by:
		_TEA_readData
 This function uses a non-reentrant model


 *************** function _TEA_cmd *****************
 Defined at:
		line 33 in file "C:\Users\Hamza\Desktop\Cassa_Audio\TEA5767.c"
 Parameters:    Size  Location     Type
  command         1    wreg     unsigned char 
  stat            1    2[COMRAM] unsigned char 
 Auto vars:     Size  Location     Type
  command         1    3[COMRAM] unsigned char 
 Return value:  Size  Location     Type
                  1    wreg      void 
 Registers used:
		wreg, status,2, status,0, cstack
 Tracked objects:
		On entry : 
		On exit  : 
		Unchanged: 
 Data sizes:     COMRAM   BANK0   BANK1   BANK2
      Params:         1       0       0       0
      Locals:         1       0       0       0
      Temps:          0       0       0       0
      Totals:         2       0       0       0
Total ram usage:        2 bytes
 Hardware stack levels used:    1
 Hardware stack levels required when called:    3
 This function calls:
		_TEA_writeData
 This function is called by:
		_setup
		_functionsRoutine
 This function uses a non-reentrant model


 *************** function _TEA_writeData *****************
 Defined at:
		line 89 in file "C:\Users\Hamza\Desktop\Cassa_Audio\TEA5767.c"
 Parameters:    Size  Location     Type
		None
 Auto vars:     Size  Location     Type
		None
 Return value:  Size  Location     Type
                  1    wreg      void 
 Registers used:
		wreg, status,2, status,0, cstack
 Tracked objects:
		On entry : 
		On exit  : 
		Unchanged: 
 Data sizes:     COMRAM   BANK0   BANK1   BANK2
      Params:         0       0       0       0
      Locals:         0       0       0       0
      Temps:          0       0       0       0
      Totals:         0       0       0       0
Total ram usage:        0 bytes
 Hardware stack levels used:    1
 Hardware stack levels required when called:    2
 This function calls:
		_IdleI2C
		_WriteI2C
 This function is called by:
		_TEA_cmd
		_TEA_setFreq
 This function uses a non-reentrant model


 *************** function _WriteI2C *****************
 Defined at:
		line 158 in file "C:\Users\Hamza\Desktop\Cassa_Audio\i2c.c"
 Parameters:    Size  Location     Type
  data_out        1    wreg     unsigned char 
 Auto vars:     Size  Location     Type
  data_out        1    1[COMRAM] unsigned char 
 Return value:  Size  Location     Type
                  1    wreg      unsigned char 
 Registers used:
		wreg, status,2, status,0, cstack
 Tracked objects:
		On entry : 
		On exit  : 
		Unchanged: 
 Data sizes:     COMRAM   BANK0   BANK1   BANK2
      Params:         0       0       0       0
      Locals:         1       0       0       0
      Temps:          0       0       0       0
      Totals:         1       0       0       0
Total ram usage:        1 bytes
 Hardware stack levels used:    1
 Hardware stack levels required when called:    1
 This function calls:
		_IdleI2C
 This function is called by:
		_TEA_writeData
		_TEA_readData
 This function uses a non-reentrant model


 *************** function _IdleI2C *****************
 Defined at:
		line 65 in file "C:\Users\Hamza\Desktop\Cassa_Audio\i2c.c"
 Parameters:    Size  Location     Type
		None
 Auto vars:     Size  Location     Type
		None
 Return value:  Size  Location     Type
                  1    wreg      void 
 Registers used:
		wreg, status,2, status,0
 Tracked objects:
		On entry : 
		On exit  : 
		Unchanged: 
 Data sizes:     COMRAM   BANK0   BANK1   BANK2
      Params:         0       0       0       0
      Locals:         0       0       0       0
      Temps:          1       0       0       0
      Totals:         1       0       0       0
Total ram usage:        1 bytes
 Hardware stack levels used:    1
 This function calls:
		Nothing
 This function is called by:
		_WriteI2C
		_TEA_writeData
		_TEA_readData
 This function uses a non-reentrant model


 *************** function _detectButton *****************
 Defined at:
		line 109 in file "C:\Users\Hamza\Desktop\Cassa_Audio\progetto.c"
 Parameters:    Size  Location     Type
		None
 Auto vars:     Size  Location     Type
  q               1    1[COMRAM] unsigned char 
 Return value:  Size  Location     Type
                  1    wreg      unsigned char 
 Registers used:
		wreg, status,2, status,0
 Tracked objects:
		On entry : 
		On exit  : 
		Unchanged: 
 Data sizes:     COMRAM   BANK0   BANK1   BANK2
      Params:         0       0       0       0
      Locals:         1       0       0       0
      Temps:          1       0       0       0
      Totals:         2       0       0       0
Total ram usage:        2 bytes
 Hardware stack levels used:    1
 This function calls:
		Nothing
 This function is called by:
		_main
 This function uses a non-reentrant model



MODULE INFORMATION

Module		Function		Class		Link	Load	Size
C:\Users\Hamza\Desktop\Cassa_Audio\i2c.c
		_IdleI2C       		CODE           	38C0	0000	17
		_OpenI2C_StSpeed		CODE           	3912	0000	29
		_ReadI2C       		CODE           	38F8	0000	27
		_WriteI2C      		CODE           	392E	0000	41

C:\Users\Hamza\Desktop\Cassa_Audio\i2c.c estimated size: 114

shared
		PL8            		CODE           	3BB6	0000	9
		__initialization		CODE           	38E2	0000	13
		PL2            		CODE           	3C48	0000	11
		PL10           		CODE           	3AC4	0000	7
		PL4            		CODE           	3C52	0000	7
		PL6            		CODE           	3B3A	0000	7

shared estimated size: 54

C:\Program Files (x86)\Microchip\xc8\v1.36\sources\common\Umul32.c
		___lmul        		CODE           	39A0	0000	77

C:\Program Files (x86)\Microchip\xc8\v1.36\sources\common\Umul32.c estimated size: 77

C:\Users\Hamza\Desktop\Cassa_Audio\progetto.c
		_main          		CODE           	38D0	0000	19
		_detectButton  		CODE           	3ACA	0000	113
		_functionsRoutine		CODE           	3BBE	0000	139
		_setup         		CODE           	3A5A	0000	107

C:\Users\Hamza\Desktop\Cassa_Audio\progetto.c estimated size: 378

C:\Users\Hamza\Desktop\Cassa_Audio\TEA5767.c
		_TEA_writeData 		CODE           	3956	0000	75
		_TEA_readData  		CODE           	39EC	0000	111
		_TEA_cmd       		CODE           	3B40	0000	119
		_TEA_setFreq   		CODE           	3C58	0000	169

C:\Users\Hamza\Desktop\Cassa_Audio\TEA5767.c estimated size: 474

